// Jest Snapshot v1, https://goo.gl/fbAQLP

exports[`User Page snapshot matches correctly 1`] = `
<main
  className="container-fluid mt-3 mb-5"
>
  <section
    className="mb-3"
  >
    <a
      href="/"
      onClick={[Function]}
    >
      &lt; Back to Tools
    </a>
  </section>
  <section
    className="mb-3"
  >
    <form
      className="form-inline"
    >
      <label
        htmlFor="userIdentifier"
      >
        Username, Email or LMS User ID
      </label>
      <input
        className="form-control flex-grow-1 mr-1"
        defaultValue=""
        name="userIdentifier"
        type="text"
      />
      <button
        className="btn btn-primary"
        disabled={false}
        onClick={[Function]}
        type="submit"
      >
        Search
      </button>
    </form>
  </section>
  <section>
    <p>
      Please search for a username or email.
    </p>
  </section>
</main>
`;
